// Vitest Snapshot v1

exports[`order > movePseudoElementsEnd 1`] = `".marker\\\\:file\\\\:hover\\\\:selection\\\\:mb-4:hover::marker::file-selector-button::selection"`;

exports[`order > multiple variant sorting 1`] = `
"/* layer: preflights */
*,::before,::after{--un-rotate:0;--un-rotate-x:0;--un-rotate-y:0;--un-rotate-z:0;--un-scale-x:1;--un-scale-y:1;--un-scale-z:1;--un-skew-x:0;--un-skew-y:0;--un-translate-x:0;--un-translate-y:0;--un-translate-z:0;--un-transform:translateX(var(--un-translate-x)) translateY(var(--un-translate-y)) translateZ(var(--un-translate-z)) rotate(var(--un-rotate)) rotateX(var(--un-rotate-x)) rotateY(var(--un-rotate-y)) rotateZ(var(--un-rotate-z)) skewX(var(--un-skew-x)) skewY(var(--un-skew-y)) scaleX(var(--un-scale-x)) scaleY(var(--un-scale-y)) scaleZ(var(--un-scale-z));}
/* layer: default */
.dark .group:hover:focus-within .dark\\\\:group-hover\\\\:group-focus-within\\\\:bg-blue-600{--un-bg-opacity:1;background-color:rgba(37,99,235,var(--un-bg-opacity));}
.group:hover:focus-within .dark .group-hover\\\\:group-focus-within\\\\:dark\\\\:bg-red-600{--un-bg-opacity:1;background-color:rgba(220,38,38,var(--un-bg-opacity));}"
`;

exports[`order > variant ordering 1`] = `
"/* layer: default */
.dark .group .dark\\\\:group\\\\:foo-3{name:foo-3;}
.dark .group .group\\\\:dark\\\\:foo-4{name:foo-4;}
.group .light .group\\\\:light\\\\:foo-2{name:foo-2;}
.light .group .light\\\\:group\\\\:foo-1{name:foo-1;}"
`;

exports[`order > variant sorting 1`] = `
"/* layer: default */
pre .pre\\\\:foo-1,
any .any\\\\:foo-1,
zzz .zzz\\\\:foo-1,
post .post\\\\:foo-1{foo:foo-1;}"
`;
