// Vitest Snapshot v1

exports[`postprocess 1`] = `
"/* layer: default */
.scale-100{--hello-scale-x:1;--hello-scale-y:1;transform:var(--hello-transform);}
.text-opacity-50{--hi-text-opacity:0.5;}"
`;
