// Vitest Snapshot v1

exports[`options properties does not override each other 1`] = `
"/* layer: preflights */
*,::before,::after{--un-rotate:0;--un-rotate-x:0;--un-rotate-y:0;--un-rotate-z:0;--un-scale-x:1;--un-scale-y:1;--un-scale-z:1;--un-skew-x:0;--un-skew-y:0;--un-translate-x:0;--un-translate-y:0;--un-translate-z:0;--un-transform:translateX(var(--un-translate-x)) translateY(var(--un-translate-y)) translateZ(var(--un-translate-z)) rotate(var(--un-rotate)) rotateX(var(--un-rotate-x)) rotateY(var(--un-rotate-y)) rotateZ(var(--un-rotate-z)) skewX(var(--un-skew-x)) skewY(var(--un-skew-y)) scaleX(var(--un-scale-x)) scaleY(var(--un-scale-y)) scaleZ(var(--un-scale-z));--un-blur:var(--un-empty,/*!*/ /*!*/);--un-brightness:var(--un-empty,/*!*/ /*!*/);--un-contrast:var(--un-empty,/*!*/ /*!*/);--un-drop-shadow:var(--un-empty,/*!*/ /*!*/);--un-grayscale:var(--un-empty,/*!*/ /*!*/);--un-hue-rotate:var(--un-empty,/*!*/ /*!*/);--un-invert:var(--un-empty,/*!*/ /*!*/);--un-saturate:var(--un-empty,/*!*/ /*!*/);--un-sepia:var(--un-empty,/*!*/ /*!*/);--un-filter:var(--un-blur) var(--un-brightness) var(--un-contrast) var(--un-drop-shadow) var(--un-grayscale) var(--un-hue-rotate) var(--un-invert) var(--un-saturate) var(--un-sepia);--un-backdrop-blur:var(--un-empty,/*!*/ /*!*/);--un-backdrop-brightness:var(--un-empty,/*!*/ /*!*/);--un-backdrop-contrast:var(--un-empty,/*!*/ /*!*/);--un-backdrop-grayscale:var(--un-empty,/*!*/ /*!*/);--un-backdrop-hue-rotate:var(--un-empty,/*!*/ /*!*/);--un-backdrop-invert:var(--un-empty,/*!*/ /*!*/);--un-backdrop-opacity:var(--un-empty,/*!*/ /*!*/);--un-backdrop-saturate:var(--un-empty,/*!*/ /*!*/);--un-backdrop-sepia:var(--un-empty,/*!*/ /*!*/);--un-backdrop-filter:var(--un-backdrop-blur) var(--un-backdrop-brightness) var(--un-backdrop-contrast) var(--un-backdrop-grayscale) var(--un-backdrop-hue-rotate) var(--un-backdrop-invert) var(--un-backdrop-opacity) var(--un-backdrop-saturate) var(--un-backdrop-sepia);}
/* layer: icons */
.icon-mdi-alarm{--un-icon:url(\\"data:image/svg+xml;utf8,%3Csvg preserveAspectRatio='xMidYMid meet' viewBox='0 0 24 24' width='1em' height='1em' xmlns='http://www.w3.org/2000/svg' %3E%3Cpath fill='currentColor' d='M12 20a7 7 0 0 1-7-7a7 7 0 0 1 7-7a7 7 0 0 1 7 7a7 7 0 0 1-7 7m0-16a9 9 0 0 0-9 9a9 9 0 0 0 9 9a9 9 0 0 0 9-9a9 9 0 0 0-9-9m.5 4H11v6l4.75 2.85l.75-1.23l-4-2.37V8M7.88 3.39L6.6 1.86L2 5.71l1.29 1.53l4.59-3.85M22 5.72l-4.6-3.86l-1.29 1.53l4.6 3.86L22 5.72Z'/%3E%3C/svg%3E\\");mask:var(--un-icon) no-repeat;mask-size:100% 100%;-webkit-mask:var(--un-icon) no-repeat;-webkit-mask-size:100% 100%;background-color:currentColor;width:1em;height:1em;}
/* layer: default */
@media (min-width: 640px){
[uno-sm~=\\"bg-blue-400\\"]{--un-bg-opacity:1;background-color:rgba(96,165,250,var(--un-bg-opacity));}
}"
`;

exports[`options properties does not override each other 2`] = `
"/* layer: preflights */
*,::before,::after{--un-rotate:0;--un-rotate-x:0;--un-rotate-y:0;--un-rotate-z:0;--un-scale-x:1;--un-scale-y:1;--un-scale-z:1;--un-skew-x:0;--un-skew-y:0;--un-translate-x:0;--un-translate-y:0;--un-translate-z:0;--un-transform:translateX(var(--un-translate-x)) translateY(var(--un-translate-y)) translateZ(var(--un-translate-z)) rotate(var(--un-rotate)) rotateX(var(--un-rotate-x)) rotateY(var(--un-rotate-y)) rotateZ(var(--un-rotate-z)) skewX(var(--un-skew-x)) skewY(var(--un-skew-y)) scaleX(var(--un-scale-x)) scaleY(var(--un-scale-y)) scaleZ(var(--un-scale-z));--un-blur:var(--un-empty,/*!*/ /*!*/);--un-brightness:var(--un-empty,/*!*/ /*!*/);--un-contrast:var(--un-empty,/*!*/ /*!*/);--un-drop-shadow:var(--un-empty,/*!*/ /*!*/);--un-grayscale:var(--un-empty,/*!*/ /*!*/);--un-hue-rotate:var(--un-empty,/*!*/ /*!*/);--un-invert:var(--un-empty,/*!*/ /*!*/);--un-saturate:var(--un-empty,/*!*/ /*!*/);--un-sepia:var(--un-empty,/*!*/ /*!*/);--un-filter:var(--un-blur) var(--un-brightness) var(--un-contrast) var(--un-drop-shadow) var(--un-grayscale) var(--un-hue-rotate) var(--un-invert) var(--un-saturate) var(--un-sepia);--un-backdrop-blur:var(--un-empty,/*!*/ /*!*/);--un-backdrop-brightness:var(--un-empty,/*!*/ /*!*/);--un-backdrop-contrast:var(--un-empty,/*!*/ /*!*/);--un-backdrop-grayscale:var(--un-empty,/*!*/ /*!*/);--un-backdrop-hue-rotate:var(--un-empty,/*!*/ /*!*/);--un-backdrop-invert:var(--un-empty,/*!*/ /*!*/);--un-backdrop-opacity:var(--un-empty,/*!*/ /*!*/);--un-backdrop-saturate:var(--un-empty,/*!*/ /*!*/);--un-backdrop-sepia:var(--un-empty,/*!*/ /*!*/);--un-backdrop-filter:var(--un-backdrop-blur) var(--un-backdrop-brightness) var(--un-backdrop-contrast) var(--un-backdrop-grayscale) var(--un-backdrop-hue-rotate) var(--un-backdrop-invert) var(--un-backdrop-opacity) var(--un-backdrop-saturate) var(--un-backdrop-sepia);}
/* layer: icons */
.icon-mdi-alarm{--un-icon:url(\\"data:image/svg+xml;utf8,%3Csvg preserveAspectRatio='xMidYMid meet' viewBox='0 0 24 24' width='1em' height='1em' xmlns='http://www.w3.org/2000/svg' %3E%3Cpath fill='currentColor' d='M12 20a7 7 0 0 1-7-7a7 7 0 0 1 7-7a7 7 0 0 1 7 7a7 7 0 0 1-7 7m0-16a9 9 0 0 0-9 9a9 9 0 0 0 9 9a9 9 0 0 0 9-9a9 9 0 0 0-9-9m.5 4H11v6l4.75 2.85l.75-1.23l-4-2.37V8M7.88 3.39L6.6 1.86L2 5.71l1.29 1.53l4.59-3.85M22 5.72l-4.6-3.86l-1.29 1.53l4.6 3.86L22 5.72Z'/%3E%3C/svg%3E\\");mask:var(--un-icon) no-repeat;mask-size:100% 100%;-webkit-mask:var(--un-icon) no-repeat;-webkit-mask-size:100% 100%;background-color:currentColor;width:1em;height:1em;}
/* layer: default */
@media (min-width: 640px){
[uno-sm~=\\"bg-blue-400\\"]{--un-bg-opacity:1;background-color:rgba(96,165,250,var(--un-bg-opacity));}
}"
`;
