// Vitest Snapshot v1

exports[`web-fonts (inline: false) 1`] = `
"/* layer: preflights */
*,::before,::after{--un-rotate:0;--un-rotate-x:0;--un-rotate-y:0;--un-rotate-z:0;--un-scale-x:1;--un-scale-y:1;--un-scale-z:1;--un-skew-x:0;--un-skew-y:0;--un-translate-x:0;--un-translate-y:0;--un-translate-z:0;--un-transform:translateX(var(--un-translate-x)) translateY(var(--un-translate-y)) translateZ(var(--un-translate-z)) rotate(var(--un-rotate)) rotateX(var(--un-rotate-x)) rotateY(var(--un-rotate-y)) rotateZ(var(--un-rotate-z)) skewX(var(--un-skew-x)) skewY(var(--un-skew-y)) scaleX(var(--un-scale-x)) scaleY(var(--un-scale-y)) scaleZ(var(--un-scale-z));}
/* layer: __webfonts__ */
@import url('https://fonts.googleapis.com/css2?family=Roboto&family=Fira+Code&family=Fira+Mono:wght@400;700&family=Lobster&family=Lato:ital,wght@0,400;0,700;1,400;1,700&display=swap')
/* layer: default */
.font-lato{font-family:\\"Lato\\",sans-serif;}
.font-lobster{font-family:\\"Lobster\\";}
.font-mono{font-family:\\"Fira Code\\",\\"Fira Mono\\",ui-monospace,SFMono-Regular,Menlo,Monaco,Consolas,\\"Liberation Mono\\",\\"Courier New\\",monospace;}
.font-sans{font-family:\\"Roboto\\",ui-sans-serif,system-ui,-apple-system,BlinkMacSystemFont,\\"Segoe UI\\",Roboto,\\"Helvetica Neue\\",Arial,\\"Noto Sans\\",sans-serif,\\"Apple Color Emoji\\",\\"Segoe UI Emoji\\",\\"Segoe UI Symbol\\",\\"Noto Color Emoji\\";}"
`;
