// Vitest Snapshot v1

exports[`scope 1`] = `
"/* layer: preflights */
*,::before,::after{--un-rotate:0;--un-rotate-x:0;--un-rotate-y:0;--un-rotate-z:0;--un-scale-x:1;--un-scale-y:1;--un-scale-z:1;--un-skew-x:0;--un-skew-y:0;--un-translate-x:0;--un-translate-y:0;--un-translate-z:0;--un-transform:translateX(var(--un-translate-x)) translateY(var(--un-translate-y)) translateZ(var(--un-translate-z)) rotate(var(--un-rotate)) rotateX(var(--un-rotate-x)) rotateY(var(--un-rotate-y)) rotateZ(var(--un-rotate-z)) skewX(var(--un-skew-x)) skewY(var(--un-skew-y)) scaleX(var(--un-scale-x)) scaleY(var(--un-scale-y)) scaleZ(var(--un-scale-z));--un-blur:var(--un-empty,/*!*/ /*!*/);--un-brightness:var(--un-empty,/*!*/ /*!*/);--un-contrast:var(--un-empty,/*!*/ /*!*/);--un-drop-shadow:var(--un-empty,/*!*/ /*!*/);--un-grayscale:var(--un-empty,/*!*/ /*!*/);--un-hue-rotate:var(--un-empty,/*!*/ /*!*/);--un-invert:var(--un-empty,/*!*/ /*!*/);--un-saturate:var(--un-empty,/*!*/ /*!*/);--un-sepia:var(--un-empty,/*!*/ /*!*/);--un-filter:var(--un-blur) var(--un-brightness) var(--un-contrast) var(--un-drop-shadow) var(--un-grayscale) var(--un-hue-rotate) var(--un-invert) var(--un-saturate) var(--un-sepia);--un-backdrop-blur:var(--un-empty,/*!*/ /*!*/);--un-backdrop-brightness:var(--un-empty,/*!*/ /*!*/);--un-backdrop-contrast:var(--un-empty,/*!*/ /*!*/);--un-backdrop-grayscale:var(--un-empty,/*!*/ /*!*/);--un-backdrop-hue-rotate:var(--un-empty,/*!*/ /*!*/);--un-backdrop-invert:var(--un-empty,/*!*/ /*!*/);--un-backdrop-opacity:var(--un-empty,/*!*/ /*!*/);--un-backdrop-saturate:var(--un-empty,/*!*/ /*!*/);--un-backdrop-sepia:var(--un-empty,/*!*/ /*!*/);--un-backdrop-filter:var(--un-backdrop-blur) var(--un-backdrop-brightness) var(--un-backdrop-contrast) var(--un-backdrop-grayscale) var(--un-backdrop-hue-rotate) var(--un-backdrop-invert) var(--un-backdrop-opacity) var(--un-backdrop-saturate) var(--un-backdrop-sepia);}
/* layer: default */
.foo-scope .flex{display:flex;}
.foo-scope .\\\\!p-5px{padding:5px !important;}
.foo-scope .hover\\\\:\\\\!p-10:hover{padding:2.5rem !important;}
.foo-scope .hover\\\\:p-4:hover{padding:1rem;}
.foo-scope .\\\\!hover\\\\:px-10:hover{padding-left:2.5rem !important;padding-right:2.5rem !important;}
.foo-scope .pl-10px{padding-left:10px;}
.dark .foo-scope .dark\\\\:hover\\\\:text-xl:hover,
.dark .foo-scope .dark\\\\:text-xl{font-size:1.25rem;line-height:1.75rem;}
.variant .foo-scope .scope-variant\\\\:c-red{--un-text-opacity:1;color:rgba(248,113,113,var(--un-text-opacity));}
@media (min-width: 640px){
.foo-scope .sm\\\\:text-red-100{--un-text-opacity:1;color:rgba(254,226,226,var(--un-text-opacity));}
.foo-scope .sm\\\\:text-red-200\\\\/10{color:rgba(254,202,202,0.1);}
}
@media (min-width: 768px){
.foo-scope .md\\\\:\\\\!hidden{display:none !important;}
}"
`;
